  Building Custom Rule E:/voy/102/third/opencv/opencv-4.8.0/3rdparty/libtiff/CMakeLists.txt
  tif_aux.c
  tif_close.c
  tif_codec.c
  tif_color.c
  tif_compress.c
  tif_dir.c
  tif_dirinfo.c
  tif_dirread.c
  tif_dirwrite.c
  tif_dumpmode.c
  tif_error.c
  tif_extension.c
  tif_fax3.c
  tif_fax3sm.c
  tif_flush.c
  tif_getimage.c
  tif_jbig.c
  tif_jpeg_12.c
  tif_jpeg.c
  tif_luv.c
  tif_lzma.c
  tif_lzw.c
  tif_next.c
  tif_ojpeg.c
  tif_open.c
  tif_packbits.c
  tif_pixarlog.c
  tif_predict.c
  tif_print.c
  tif_read.c
  tif_strip.c
  tif_swab.c
  tif_thunder.c
  tif_tile.c
  tif_version.c
  tif_warning.c
  tif_webp.c
  tif_write.c
  tif_zip.c
  tif_zstd.c
  tif_win32.c
  tif_stream.cxx
  libtiff.vcxproj -> E:\voy\102\third\opencv\opencv-4.8.0_build_vs2019_x64\3rdparty\lib\Release\libtiff.lib
