  Processing OpenCL kernels (imgproc)
  -- E:/voy/102/third/opencv/opencv-4.8.0_build_vs2019_x64/modules/imgproc/opencl_kernels_imgproc.hpp contains the same content
  Building Custom Rule E:/voy/102/third/opencv/opencv-4.8.0/modules/imgproc/CMakeLists.txt
  cmake_pch.cxx
  accum.cpp
  accum.dispatch.cpp
  approx.cpp
  bilateral_filter.dispatch.cpp
  blend.cpp
  box_filter.dispatch.cpp
  canny.cpp
  clahe.cpp
  color.cpp
  color_hsv.dispatch.cpp
  color_lab.cpp
  color_rgb.dispatch.cpp
  color_yuv.dispatch.cpp
  colormap.cpp
  connectedcomponents.cpp
  contours.cpp
  convhull.cpp
  corner.cpp
  cornersubpix.cpp
  demosaicing.cpp
  deriv.cpp
  distransform.cpp
  drawing.cpp
  emd.cpp
  featureselect.cpp
  filter.dispatch.cpp
  floodfill.cpp
  gabor.cpp
  generalized_hough.cpp
  geometry.cpp
  grabcut.cpp
  hershey_fonts.cpp
  histogram.cpp
  hough.cpp
  imgwarp.cpp
  intelligent_scissors.cpp
  intersection.cpp
  linefit.cpp
  lsd.cpp
  main.cpp
  matchcontours.cpp
  median_blur.dispatch.cpp
  min_enclosing_triangle.cpp
  moments.cpp
  morph.dispatch.cpp
  phasecorr.cpp
  pyramids.cpp
  resize.cpp
  rotcalipers.cpp
  samplers.cpp
  segmentation.cpp
  shapedescr.cpp
  smooth.dispatch.cpp
  spatialgradient.cpp
  stackblur.cpp
  subdivision2d.cpp
  sumpixels.dispatch.cpp
  tables.cpp
  templmatch.cpp
  thresh.cpp
  utils.cpp
  opencl_kernels_imgproc.cpp
  opencv_imgproc.vcxproj -> E:\voy\102\third\opencv\opencv-4.8.0_build_vs2019_x64\lib\Release\opencv_imgproc480.lib
