  Building Custom Rule E:/voy/102/third/opencv/opencv-4.8.0/3rdparty/openexr/CMakeLists.txt
  half.cpp
  IexBaseExc.cpp
  IexThrowErrnoExc.cpp
  ImfAcesFile.cpp
  ImfAttribute.cpp
  ImfB44Compressor.cpp
  ImfBoxAttribute.cpp
  ImfCRgbaFile.cpp
  ImfChannelList.cpp
  ImfChannelListAttribute.cpp
  ImfChromaticities.cpp
  ImfChromaticitiesAttribute.cpp
  ImfCompositeDeepScanLine.cpp
  ImfCompressionAttribute.cpp
  ImfCompressor.cpp
  ImfConvert.cpp
  ImfDeepCompositing.cpp
  ImfDeepFrameBuffer.cpp
  ImfDeepImageStateAttribute.cpp
  ImfDeepScanLineInputFile.cpp
  ImfDeepScanLineInputPart.cpp
  ImfDeepScanLineOutputFile.cpp
  ImfDeepScanLineOutputPart.cpp
  ImfDeepTiledInputFile.cpp
  ImfDeepTiledInputPart.cpp
  ImfDeepTiledOutputFile.cpp
  ImfDeepTiledOutputPart.cpp
  ImfDoubleAttribute.cpp
  ImfDwaCompressor.cpp
  ImfEnvmap.cpp
  ImfEnvmapAttribute.cpp
  ImfFastHuf.cpp
  ImfFloatAttribute.cpp
  ImfFloatVectorAttribute.cpp
  ImfFrameBuffer.cpp
  ImfFramesPerSecond.cpp
  ImfGenericInputFile.cpp
  ImfGenericOutputFile.cpp
  ImfHeader.cpp
  ImfHuf.cpp
  ImfIO.cpp
  ImfInputFile.cpp
  ImfInputPart.cpp
  ImfInputPartData.cpp
  ImfIntAttribute.cpp
  ImfKeyCode.cpp
  ImfKeyCodeAttribute.cpp
  ImfLineOrderAttribute.cpp
  ImfLut.cpp
  ImfMatrixAttribute.cpp
  ImfMisc.cpp
  ImfMultiPartInputFile.cpp
  ImfMultiPartOutputFile.cpp
  ImfMultiView.cpp
  ImfOpaqueAttribute.cpp
  ImfOutputFile.cpp
  ImfOutputPart.cpp
  ImfOutputPartData.cpp
  ImfPartType.cpp
  ImfPizCompressor.cpp
  ImfPreviewImage.cpp
  ImfPreviewImageAttribute.cpp
  ImfPxr24Compressor.cpp
  ImfRational.cpp
  ImfRationalAttribute.cpp
  ImfRgbaFile.cpp
  ImfRgbaYca.cpp
  ImfRle.cpp
  ImfRleCompressor.cpp
  ImfScanLineInputFile.cpp
  ImfStandardAttributes.cpp
  ImfStdIO.cpp
  ImfStringAttribute.cpp
  ImfStringVectorAttribute.cpp
  ImfSystemSpecific.cpp
  ImfTestFile.cpp
  ImfThreading.cpp
  ImfTileDescriptionAttribute.cpp
  ImfTileOffsets.cpp
  ImfTiledInputFile.cpp
  ImfTiledInputPart.cpp
  ImfTiledMisc.cpp
  ImfTiledOutputFile.cpp
  ImfTiledOutputPart.cpp
  ImfTiledRgbaFile.cpp
  ImfTimeCode.cpp
  ImfTimeCodeAttribute.cpp
  ImfVecAttribute.cpp
  ImfVersion.cpp
  ImfWav.cpp
  ImfZip.cpp
  ImfZipCompressor.cpp
  dwaLookups.cpp
  IlmThread.cpp
  IlmThreadMutex.cpp
  IlmThreadMutexWin32.cpp
  IlmThreadPool.cpp
  IlmThreadSemaphore.cpp
  IlmThreadSemaphoreWin32.cpp
  IlmThreadWin32.cpp
  ImathBox.cpp
  ImathColorAlgo.cpp
  ImathFun.cpp
  ImathMatrixAlgo.cpp
  ImathRandom.cpp
  ImathShear.cpp
  ImathVec.cpp
  IlmImf.vcxproj -> E:\voy\102\third\opencv\opencv-4.8.0_build_vs2019_x64\3rdparty\lib\Release\IlmImf.lib
