  Building Custom Rule E:/voy/102/third/opencv/opencv-4.8.0/3rdparty/libjpeg-turbo/CMakeLists.txt
  jcapimin.c
  jcapistd.c
  jccoefct.c
  jccolor.c
  jcdctmgr.c
  jchuff.c
  jcicc.c
  jcinit.c
  jcmainct.c
  jcmarker.c
  jcmaster.c
  jcomapi.c
  jcparam.c
  jcphuff.c
  jcprepct.c
  jcsample.c
  jctrans.c
  jdapimin.c
  jdapistd.c
  jdatadst.c
  jdatasrc.c
  jdcoefct.c
  jdcolor.c
  jddctmgr.c
  jdhuff.c
  jdicc.c
  jdinput.c
  jdmainct.c
  jdmarker.c
  jdmaster.c
  jdmerge.c
  jdphuff.c
  jdpostct.c
  jdsample.c
  jdtrans.c
  jerror.c
  jfdctflt.c
  jfdctfst.c
  jfdctint.c
  jidctflt.c
  jidctfst.c
  jidctint.c
  jidctred.c
  jquant1.c
  jquant2.c
  jutils.c
  jmemmgr.c
  jmemnobs.c
  jaricom.c
  jcarith.c
  jdarith.c
  libjpeg-turbo.vcxproj -> E:\voy\102\third\opencv\opencv-4.8.0_build_vs2019_x64\3rdparty\lib\Release\libjpeg-turbo.lib
