  Processing OpenCL kernels (core)
  -- E:/voy/102/third/opencv/opencv-4.8.0_build_vs2019_x64/modules/core/opencl_kernels_core.hpp contains the same content
  Building Custom Rule E:/voy/102/third/opencv/opencv-4.8.0/modules/core/CMakeLists.txt
  cmake_pch.cxx
  algorithm.cpp
  arithm.cpp
  arithm.dispatch.cpp
  array.cpp
  async.cpp
  batch_distance.cpp
  bindings_utils.cpp
  buffer_area.cpp
  channels.cpp
  check.cpp
  command_line_parser.cpp
  conjugate_gradient.cpp
  convert.dispatch.cpp
  convert_c.cpp
  convert_scale.dispatch.cpp
  copy.cpp
  count_non_zero.dispatch.cpp
  cuda_gpu_mat.cpp
  cuda_gpu_mat_nd.cpp
  cuda_host_mem.cpp
  cuda_info.cpp
  cuda_stream.cpp
  datastructs.cpp
  directx.cpp
  downhill_simplex.cpp
  dxt.cpp
  gl_core_3_1.cpp
  glob.cpp
  hal_internal.cpp
  has_non_zero.dispatch.cpp
  kmeans.cpp
  lapack.cpp
  lda.cpp
  logger.cpp
  lpsolver.cpp
  lut.cpp
  mathfuncs.cpp
  mathfuncs_core.dispatch.cpp
  matmul.dispatch.cpp
  matrix.cpp
  matrix_c.cpp
  matrix_decomp.cpp
  matrix_expressions.cpp
  matrix_iterator.cpp
  matrix_operations.cpp
  matrix_sparse.cpp
  matrix_transform.cpp
  matrix_wrap.cpp
  mean.dispatch.cpp
  merge.dispatch.cpp
  minmax.cpp
  norm.cpp
  ocl.cpp
  opencl_clblas.cpp
  opencl_clfft.cpp
  opencl_core.cpp
  opengl.cpp
  out.cpp
  ovx.cpp
  parallel_openmp.cpp
  parallel_tbb.cpp
  parallel_impl.cpp
  pca.cpp
  persistence.cpp
  persistence_base64_encoding.cpp
  persistence_json.cpp
  persistence_types.cpp
E:\voy\102\third\opencv\opencv-4.8.0\modules\core\src\persistence.cpp(521,48): warning C4267: 'initializing': conversion from 'size_t' to 'int', possible loss of data
E:\voy\102\third\opencv\opencv-4.8.0\modules\core\src\persistence.cpp(650,52): warning C4267: 'initializing': conversion from 'size_t' to 'int', possible loss of data
E:\voy\102\third\opencv\opencv-4.8.0\modules\core\src\persistence.cpp(698,56): warning C4267: 'initializing': conversion from 'size_t' to 'int', possible loss of data
  persistence_xml.cpp
  persistence_yml.cpp
  rand.cpp
  softfloat.cpp
  split.dispatch.cpp
  stat.dispatch.cpp
  stat_c.cpp
  stl.cpp
  sum.dispatch.cpp
  system.cpp
  tables.cpp
  trace.cpp
  types.cpp
  umatrix.cpp
  datafile.cpp
  filesystem.cpp
  logtagconfigparser.cpp
  logtagmanager.cpp
  samples.cpp
  va_intel.cpp
  opencl_kernels_core.cpp
  alloc.cpp
  parallel.cpp
  parallel.cpp
  opencv_core.vcxproj -> E:\voy\102\third\opencv\opencv-4.8.0_build_vs2019_x64\lib\Release\opencv_core480.lib
