  -- Install configuration: "Release"
  -- Up-to-date: E:/voy/102/third/opencv/opencv-4.8.0_build_vs2019_x64/install/etc/licenses/flatbuffers-LICENSE.txt
  -- Up-to-date: E:/voy/102/third/opencv/opencv-4.8.0_build_vs2019_x64/install/etc/licenses/opencl-headers-LICENSE.txt
  -- Up-to-date: E:/voy/102/third/opencv/opencv-4.8.0_build_vs2019_x64/install/include/opencv2/cvconfig.h
  -- Up-to-date: E:/voy/102/third/opencv/opencv-4.8.0_build_vs2019_x64/install/include/opencv2/opencv_modules.hpp
  -- Up-to-date: E:/voy/102/third/opencv/opencv-4.8.0_build_vs2019_x64/install/x64/vc16/staticlib/OpenCVModules.cmake
  -- Up-to-date: E:/voy/102/third/opencv/opencv-4.8.0_build_vs2019_x64/install/x64/vc16/staticlib/OpenCVModules-release.cmake
  -- Up-to-date: E:/voy/102/third/opencv/opencv-4.8.0_build_vs2019_x64/install/x64/vc16/staticlib/OpenCVConfig-version.cmake
  -- Up-to-date: E:/voy/102/third/opencv/opencv-4.8.0_build_vs2019_x64/install/x64/vc16/staticlib/OpenCVConfig.cmake
  -- Up-to-date: E:/voy/102/third/opencv/opencv-4.8.0_build_vs2019_x64/install/./OpenCVConfig-version.cmake
  -- Up-to-date: E:/voy/102/third/opencv/opencv-4.8.0_build_vs2019_x64/install/./OpenCVConfig.cmake
  -- Up-to-date: E:/voy/102/third/opencv/opencv-4.8.0_build_vs2019_x64/install/./LICENSE
  -- Up-to-date: E:/voy/102/third/opencv/opencv-4.8.0_build_vs2019_x64/install/./setup_vars_opencv4.cmd
  -- Installing: E:/voy/102/third/opencv/opencv-4.8.0_build_vs2019_x64/install/x64/vc16/staticlib/zlib.lib
  -- Up-to-date: E:/voy/102/third/opencv/opencv-4.8.0_build_vs2019_x64/install/etc/licenses/zlib-LICENSE
  -- Installing: E:/voy/102/third/opencv/opencv-4.8.0_build_vs2019_x64/install/x64/vc16/staticlib/libjpeg-turbo.lib
  -- Up-to-date: E:/voy/102/third/opencv/opencv-4.8.0_build_vs2019_x64/install/etc/licenses/libjpeg-turbo-README.md
  -- Up-to-date: E:/voy/102/third/opencv/opencv-4.8.0_build_vs2019_x64/install/etc/licenses/libjpeg-turbo-LICENSE.md
  -- Up-to-date: E:/voy/102/third/opencv/opencv-4.8.0_build_vs2019_x64/install/etc/licenses/libjpeg-turbo-README.ijg
  -- Installing: E:/voy/102/third/opencv/opencv-4.8.0_build_vs2019_x64/install/x64/vc16/staticlib/libtiff.lib
  -- Up-to-date: E:/voy/102/third/opencv/opencv-4.8.0_build_vs2019_x64/install/etc/licenses/libtiff-COPYRIGHT
  -- Installing: E:/voy/102/third/opencv/opencv-4.8.0_build_vs2019_x64/install/x64/vc16/staticlib/libwebp.lib
  -- Up-to-date: E:/voy/102/third/opencv/opencv-4.8.0_build_vs2019_x64/install/etc/licenses/libopenjp2-README.md
  -- Up-to-date: E:/voy/102/third/opencv/opencv-4.8.0_build_vs2019_x64/install/etc/licenses/libopenjp2-LICENSE
  -- Installing: E:/voy/102/third/opencv/opencv-4.8.0_build_vs2019_x64/install/x64/vc16/staticlib/libopenjp2.lib
  -- Installing: E:/voy/102/third/opencv/opencv-4.8.0_build_vs2019_x64/install/x64/vc16/staticlib/libpng.lib
  -- Up-to-date: E:/voy/102/third/opencv/opencv-4.8.0_build_vs2019_x64/install/etc/licenses/libpng-LICENSE
  -- Up-to-date: E:/voy/102/third/opencv/opencv-4.8.0_build_vs2019_x64/install/etc/licenses/libpng-README
  -- Up-to-date: E:/voy/102/third/opencv/opencv-4.8.0_build_vs2019_x64/install/etc/licenses/protobuf-LICENSE
  -- Up-to-date: E:/voy/102/third/opencv/opencv-4.8.0_build_vs2019_x64/install/etc/licenses/protobuf-README.md
  -- Installing: E:/voy/102/third/opencv/opencv-4.8.0_build_vs2019_x64/install/x64/vc16/staticlib/quirc.lib
  -- Up-to-date: E:/voy/102/third/opencv/opencv-4.8.0_build_vs2019_x64/install/etc/licenses/quirc-LICENSE
  -- Up-to-date: E:/voy/102/third/opencv/opencv-4.8.0_build_vs2019_x64/install/include/opencv2/opencv.hpp
  -- Installing: E:/voy/102/third/opencv/opencv-4.8.0_build_vs2019_x64/install/x64/vc16/staticlib/opencv_core480.lib
  -- Up-to-date: E:/voy/102/third/opencv/opencv-4.8.0_build_vs2019_x64/install/include/opencv2/core.hpp
  -- Up-to-date: E:/voy/102/third/opencv/opencv-4.8.0_build_vs2019_x64/install/include/opencv2/core/affine.hpp
  -- Up-to-date: E:/voy/102/third/opencv/opencv-4.8.0_build_vs2019_x64/install/include/opencv2/core/async.hpp
  -- Up-to-date: E:/voy/102/third/opencv/opencv-4.8.0_build_vs2019_x64/install/include/opencv2/core/base.hpp
  -- Up-to-date: E:/voy/102/third/opencv/opencv-4.8.0_build_vs2019_x64/install/include/opencv2/core/bindings_utils.hpp
  -- Up-to-date: E:/voy/102/third/opencv/opencv-4.8.0_build_vs2019_x64/install/include/opencv2/core/bufferpool.hpp
  -- Up-to-date: E:/voy/102/third/opencv/opencv-4.8.0_build_vs2019_x64/install/include/opencv2/core/check.hpp
  -- Up-to-date: E:/voy/102/third/opencv/opencv-4.8.0_build_vs2019_x64/install/include/opencv2/core/core.hpp
  -- Up-to-date: E:/voy/102/third/opencv/opencv-4.8.0_build_vs2019_x64/install/include/opencv2/core/core_c.h
  -- Up-to-date: E:/voy/102/third/opencv/opencv-4.8.0_build_vs2019_x64/install/include/opencv2/core/cuda.hpp
  -- Up-to-date: E:/voy/102/third/opencv/opencv-4.8.0_build_vs2019_x64/install/include/opencv2/core/cuda.inl.hpp
  -- Up-to-date: E:/voy/102/third/opencv/opencv-4.8.0_build_vs2019_x64/install/include/opencv2/core/cuda/block.hpp
  -- Up-to-date: E:/voy/102/third/opencv/opencv-4.8.0_build_vs2019_x64/install/include/opencv2/core/cuda/border_interpolate.hpp
  -- Up-to-date: E:/voy/102/third/opencv/opencv-4.8.0_build_vs2019_x64/install/include/opencv2/core/cuda/color.hpp
  -- Up-to-date: E:/voy/102/third/opencv/opencv-4.8.0_build_vs2019_x64/install/include/opencv2/core/cuda/common.hpp
  -- Up-to-date: E:/voy/102/third/opencv/opencv-4.8.0_build_vs2019_x64/install/include/opencv2/core/cuda/datamov_utils.hpp
  -- Up-to-date: E:/voy/102/third/opencv/opencv-4.8.0_build_vs2019_x64/install/include/opencv2/core/cuda/detail/color_detail.hpp
  -- Up-to-date: E:/voy/102/third/opencv/opencv-4.8.0_build_vs2019_x64/install/include/opencv2/core/cuda/detail/reduce.hpp
  -- Up-to-date: E:/voy/102/third/opencv/opencv-4.8.0_build_vs2019_x64/install/include/opencv2/core/cuda/detail/reduce_key_val.hpp
  -- Up-to-date: E:/voy/102/third/opencv/opencv-4.8.0_build_vs2019_x64/install/include/opencv2/core/cuda/detail/transform_detail.hpp
  -- Up-to-date: E:/voy/102/third/opencv/opencv-4.8.0_build_vs2019_x64/install/include/opencv2/core/cuda/detail/type_traits_detail.hpp
  -- Up-to-date: E:/voy/102/third/opencv/opencv-4.8.0_build_vs2019_x64/install/include/opencv2/core/cuda/detail/vec_distance_detail.hpp
  -- Up-to-date: E:/voy/102/third/opencv/opencv-4.8.0_build_vs2019_x64/install/include/opencv2/core/cuda/dynamic_smem.hpp
  -- Up-to-date: E:/voy/102/third/opencv/opencv-4.8.0_build_vs2019_x64/install/include/opencv2/core/cuda/emulation.hpp
  -- Up-to-date: E:/voy/102/third/opencv/opencv-4.8.0_build_vs2019_x64/install/include/opencv2/core/cuda/filters.hpp
  -- Up-to-date: E:/voy/102/third/opencv/opencv-4.8.0_build_vs2019_x64/install/include/opencv2/core/cuda/funcattrib.hpp
  -- Up-to-date: E:/voy/102/third/opencv/opencv-4.8.0_build_vs2019_x64/install/include/opencv2/core/cuda/functional.hpp
  -- Up-to-date: E:/voy/102/third/opencv/opencv-4.8.0_build_vs2019_x64/install/include/opencv2/core/cuda/limits.hpp
  -- Up-to-date: E:/voy/102/third/opencv/opencv-4.8.0_build_vs2019_x64/install/include/opencv2/core/cuda/reduce.hpp
  -- Up-to-date: E:/voy/102/third/opencv/opencv-4.8.0_build_vs2019_x64/install/include/opencv2/core/cuda/saturate_cast.hpp
  -- Up-to-date: E:/voy/102/third/opencv/opencv-4.8.0_build_vs2019_x64/install/include/opencv2/core/cuda/scan.hpp
  -- Up-to-date: E:/voy/102/third/opencv/opencv-4.8.0_build_vs2019_x64/install/include/opencv2/core/cuda/simd_functions.hpp
  -- Up-to-date: E:/voy/102/third/opencv/opencv-4.8.0_build_vs2019_x64/install/include/opencv2/core/cuda/transform.hpp
  -- Up-to-date: E:/voy/102/third/opencv/opencv-4.8.0_build_vs2019_x64/install/include/opencv2/core/cuda/type_traits.hpp
  -- Up-to-date: E:/voy/102/third/opencv/opencv-4.8.0_build_vs2019_x64/install/include/opencv2/core/cuda/utility.hpp
  -- Up-to-date: E:/voy/102/third/opencv/opencv-4.8.0_build_vs2019_x64/install/include/opencv2/core/cuda/vec_distance.hpp
  -- Up-to-date: E:/voy/102/third/opencv/opencv-4.8.0_build_vs2019_x64/install/include/opencv2/core/cuda/vec_math.hpp
  -- Up-to-date: E:/voy/102/third/opencv/opencv-4.8.0_build_vs2019_x64/install/include/opencv2/core/cuda/vec_traits.hpp
  -- Up-to-date: E:/voy/102/third/opencv/opencv-4.8.0_build_vs2019_x64/install/include/opencv2/core/cuda/warp.hpp
  -- Up-to-date: E:/voy/102/third/opencv/opencv-4.8.0_build_vs2019_x64/install/include/opencv2/core/cuda/warp_reduce.hpp
  -- Up-to-date: E:/voy/102/third/opencv/opencv-4.8.0_build_vs2019_x64/install/include/opencv2/core/cuda/warp_shuffle.hpp
  -- Up-to-date: E:/voy/102/third/opencv/opencv-4.8.0_build_vs2019_x64/install/include/opencv2/core/cuda_stream_accessor.hpp
  -- Up-to-date: E:/voy/102/third/opencv/opencv-4.8.0_build_vs2019_x64/install/include/opencv2/core/cuda_types.hpp
  -- Up-to-date: E:/voy/102/third/opencv/opencv-4.8.0_build_vs2019_x64/install/include/opencv2/core/cv_cpu_dispatch.h
  -- Up-to-date: E:/voy/102/third/opencv/opencv-4.8.0_build_vs2019_x64/install/include/opencv2/core/cv_cpu_helper.h
  -- Up-to-date: E:/voy/102/third/opencv/opencv-4.8.0_build_vs2019_x64/install/include/opencv2/core/cvdef.h
  -- Up-to-date: E:/voy/102/third/opencv/opencv-4.8.0_build_vs2019_x64/install/include/opencv2/core/cvstd.hpp
  -- Up-to-date: E:/voy/102/third/opencv/opencv-4.8.0_build_vs2019_x64/install/include/opencv2/core/cvstd.inl.hpp
  -- Up-to-date: E:/voy/102/third/opencv/opencv-4.8.0_build_vs2019_x64/install/include/opencv2/core/cvstd_wrapper.hpp
  -- Up-to-date: E:/voy/102/third/opencv/opencv-4.8.0_build_vs2019_x64/install/include/opencv2/core/detail/async_promise.hpp
  -- Up-to-date: E:/voy/102/third/opencv/opencv-4.8.0_build_vs2019_x64/install/include/opencv2/core/detail/dispatch_helper.impl.hpp
  -- Up-to-date: E:/voy/102/third/opencv/opencv-4.8.0_build_vs2019_x64/install/include/opencv2/core/detail/exception_ptr.hpp
  -- Up-to-date: E:/voy/102/third/opencv/opencv-4.8.0_build_vs2019_x64/install/include/opencv2/core/directx.hpp
  -- Up-to-date: E:/voy/102/third/opencv/opencv-4.8.0_build_vs2019_x64/install/include/opencv2/core/dualquaternion.hpp
  -- Up-to-date: E:/voy/102/third/opencv/opencv-4.8.0_build_vs2019_x64/install/include/opencv2/core/dualquaternion.inl.hpp
  -- Up-to-date: E:/voy/102/third/opencv/opencv-4.8.0_build_vs2019_x64/install/include/opencv2/core/eigen.hpp
  -- Up-to-date: E:/voy/102/third/opencv/opencv-4.8.0_build_vs2019_x64/install/include/opencv2/core/fast_math.hpp
  -- Up-to-date: E:/voy/102/third/opencv/opencv-4.8.0_build_vs2019_x64/install/include/opencv2/core/hal/hal.hpp
  -- Up-to-date: E:/voy/102/third/opencv/opencv-4.8.0_build_vs2019_x64/install/include/opencv2/core/hal/interface.h
  -- Up-to-date: E:/voy/102/third/opencv/opencv-4.8.0_build_vs2019_x64/install/include/opencv2/core/hal/intrin.hpp
  -- Up-to-date: E:/voy/102/third/opencv/opencv-4.8.0_build_vs2019_x64/install/include/opencv2/core/hal/intrin_avx.hpp
  -- Up-to-date: E:/voy/102/third/opencv/opencv-4.8.0_build_vs2019_x64/install/include/opencv2/core/hal/intrin_avx512.hpp
  -- Up-to-date: E:/voy/102/third/opencv/opencv-4.8.0_build_vs2019_x64/install/include/opencv2/core/hal/intrin_cpp.hpp
  -- Up-to-date: E:/voy/102/third/opencv/opencv-4.8.0_build_vs2019_x64/install/include/opencv2/core/hal/intrin_forward.hpp
  -- Up-to-date: E:/voy/102/third/opencv/opencv-4.8.0_build_vs2019_x64/install/include/opencv2/core/hal/intrin_lasx.hpp
  -- Up-to-date: E:/voy/102/third/opencv/opencv-4.8.0_build_vs2019_x64/install/include/opencv2/core/hal/intrin_msa.hpp
  -- Up-to-date: E:/voy/102/third/opencv/opencv-4.8.0_build_vs2019_x64/install/include/opencv2/core/hal/intrin_neon.hpp
  -- Up-to-date: E:/voy/102/third/opencv/opencv-4.8.0_build_vs2019_x64/install/include/opencv2/core/hal/intrin_rvv.hpp
  -- Up-to-date: E:/voy/102/third/opencv/opencv-4.8.0_build_vs2019_x64/install/include/opencv2/core/hal/intrin_rvv071.hpp
  -- Up-to-date: E:/voy/102/third/opencv/opencv-4.8.0_build_vs2019_x64/install/include/opencv2/core/hal/intrin_rvv_010_compat_non-policy.hpp
  -- Up-to-date: E:/voy/102/third/opencv/opencv-4.8.0_build_vs2019_x64/install/include/opencv2/core/hal/intrin_rvv_010_compat_overloaded-non-policy.hpp
  -- Up-to-date: E:/voy/102/third/opencv/opencv-4.8.0_build_vs2019_x64/install/include/opencv2/core/hal/intrin_rvv_compat_overloaded.hpp
  -- Up-to-date: E:/voy/102/third/opencv/opencv-4.8.0_build_vs2019_x64/install/include/opencv2/core/hal/intrin_rvv_scalable.hpp
  -- Up-to-date: E:/voy/102/third/opencv/opencv-4.8.0_build_vs2019_x64/install/include/opencv2/core/hal/intrin_sse.hpp
  -- Up-to-date: E:/voy/102/third/opencv/opencv-4.8.0_build_vs2019_x64/install/include/opencv2/core/hal/intrin_sse_em.hpp
  -- Up-to-date: E:/voy/102/third/opencv/opencv-4.8.0_build_vs2019_x64/install/include/opencv2/core/hal/intrin_vsx.hpp
  -- Up-to-date: E:/voy/102/third/opencv/opencv-4.8.0_build_vs2019_x64/install/include/opencv2/core/hal/intrin_wasm.hpp
  -- Up-to-date: E:/voy/102/third/opencv/opencv-4.8.0_build_vs2019_x64/install/include/opencv2/core/hal/msa_macros.h
  -- Up-to-date: E:/voy/102/third/opencv/opencv-4.8.0_build_vs2019_x64/install/include/opencv2/core/hal/simd_utils.impl.hpp
  -- Up-to-date: E:/voy/102/third/opencv/opencv-4.8.0_build_vs2019_x64/install/include/opencv2/core/mat.hpp
  -- Up-to-date: E:/voy/102/third/opencv/opencv-4.8.0_build_vs2019_x64/install/include/opencv2/core/mat.inl.hpp
  -- Up-to-date: E:/voy/102/third/opencv/opencv-4.8.0_build_vs2019_x64/install/include/opencv2/core/matx.hpp
  -- Up-to-date: E:/voy/102/third/opencv/opencv-4.8.0_build_vs2019_x64/install/include/opencv2/core/neon_utils.hpp
  -- Up-to-date: E:/voy/102/third/opencv/opencv-4.8.0_build_vs2019_x64/install/include/opencv2/core/ocl.hpp
  -- Up-to-date: E:/voy/102/third/opencv/opencv-4.8.0_build_vs2019_x64/install/include/opencv2/core/ocl_genbase.hpp
  -- Up-to-date: E:/voy/102/third/opencv/opencv-4.8.0_build_vs2019_x64/install/include/opencv2/core/opencl/ocl_defs.hpp
  -- Up-to-date: E:/voy/102/third/opencv/opencv-4.8.0_build_vs2019_x64/install/include/opencv2/core/opencl/opencl_info.hpp
  -- Up-to-date: E:/voy/102/third/opencv/opencv-4.8.0_build_vs2019_x64/install/include/opencv2/core/opencl/opencl_svm.hpp
  -- Up-to-date: E:/voy/102/third/opencv/opencv-4.8.0_build_vs2019_x64/install/include/opencv2/core/opencl/runtime/autogenerated/opencl_clblas.hpp
  -- Up-to-date: E:/voy/102/third/opencv/opencv-4.8.0_build_vs2019_x64/install/include/opencv2/core/opencl/runtime/autogenerated/opencl_clfft.hpp
  -- Up-to-date: E:/voy/102/third/opencv/opencv-4.8.0_build_vs2019_x64/install/include/opencv2/core/opencl/runtime/autogenerated/opencl_core.hpp
  -- Up-to-date: E:/voy/102/third/opencv/opencv-4.8.0_build_vs2019_x64/install/include/opencv2/core/opencl/runtime/autogenerated/opencl_core_wrappers.hpp
  -- Up-to-date: E:/voy/102/third/opencv/opencv-4.8.0_build_vs2019_x64/install/include/opencv2/core/opencl/runtime/autogenerated/opencl_gl.hpp
  -- Up-to-date: E:/voy/102/third/opencv/opencv-4.8.0_build_vs2019_x64/install/include/opencv2/core/opencl/runtime/autogenerated/opencl_gl_wrappers.hpp
  -- Up-to-date: E:/voy/102/third/opencv/opencv-4.8.0_build_vs2019_x64/install/include/opencv2/core/opencl/runtime/opencl_clblas.hpp
  -- Up-to-date: E:/voy/102/third/opencv/opencv-4.8.0_build_vs2019_x64/install/include/opencv2/core/opencl/runtime/opencl_clfft.hpp
  -- Up-to-date: E:/voy/102/third/opencv/opencv-4.8.0_build_vs2019_x64/install/include/opencv2/core/opencl/runtime/opencl_core.hpp
  -- Up-to-date: E:/voy/102/third/opencv/opencv-4.8.0_build_vs2019_x64/install/include/opencv2/core/opencl/runtime/opencl_core_wrappers.hpp
  -- Up-to-date: E:/voy/102/third/opencv/opencv-4.8.0_build_vs2019_x64/install/include/opencv2/core/opencl/runtime/opencl_gl.hpp
  -- Up-to-date: E:/voy/102/third/opencv/opencv-4.8.0_build_vs2019_x64/install/include/opencv2/core/opencl/runtime/opencl_gl_wrappers.hpp
  -- Up-to-date: E:/voy/102/third/opencv/opencv-4.8.0_build_vs2019_x64/install/include/opencv2/core/opencl/runtime/opencl_svm_20.hpp
  -- Up-to-date: E:/voy/102/third/opencv/opencv-4.8.0_build_vs2019_x64/install/include/opencv2/core/opencl/runtime/opencl_svm_definitions.hpp
  -- Up-to-date: E:/voy/102/third/opencv/opencv-4.8.0_build_vs2019_x64/install/include/opencv2/core/opencl/runtime/opencl_svm_hsa_extension.hpp
  -- Up-to-date: E:/voy/102/third/opencv/opencv-4.8.0_build_vs2019_x64/install/include/opencv2/core/opengl.hpp
  -- Up-to-date: E:/voy/102/third/opencv/opencv-4.8.0_build_vs2019_x64/install/include/opencv2/core/operations.hpp
  -- Up-to-date: E:/voy/102/third/opencv/opencv-4.8.0_build_vs2019_x64/install/include/opencv2/core/optim.hpp
  -- Up-to-date: E:/voy/102/third/opencv/opencv-4.8.0_build_vs2019_x64/install/include/opencv2/core/ovx.hpp
  -- Up-to-date: E:/voy/102/third/opencv/opencv-4.8.0_build_vs2019_x64/install/include/opencv2/core/parallel/backend/parallel_for.openmp.hpp
  -- Up-to-date: E:/voy/102/third/opencv/opencv-4.8.0_build_vs2019_x64/install/include/opencv2/core/parallel/backend/parallel_for.tbb.hpp
  -- Up-to-date: E:/voy/102/third/opencv/opencv-4.8.0_build_vs2019_x64/install/include/opencv2/core/parallel/parallel_backend.hpp
  -- Up-to-date: E:/voy/102/third/opencv/opencv-4.8.0_build_vs2019_x64/install/include/opencv2/core/persistence.hpp
  -- Up-to-date: E:/voy/102/third/opencv/opencv-4.8.0_build_vs2019_x64/install/include/opencv2/core/quaternion.hpp
  -- Up-to-date: E:/voy/102/third/opencv/opencv-4.8.0_build_vs2019_x64/install/include/opencv2/core/quaternion.inl.hpp
  -- Up-to-date: E:/voy/102/third/opencv/opencv-4.8.0_build_vs2019_x64/install/include/opencv2/core/saturate.hpp
  -- Up-to-date: E:/voy/102/third/opencv/opencv-4.8.0_build_vs2019_x64/install/include/opencv2/core/simd_intrinsics.hpp
  -- Up-to-date: E:/voy/102/third/opencv/opencv-4.8.0_build_vs2019_x64/install/include/opencv2/core/softfloat.hpp
  -- Up-to-date: E:/voy/102/third/opencv/opencv-4.8.0_build_vs2019_x64/install/include/opencv2/core/sse_utils.hpp
  -- Up-to-date: E:/voy/102/third/opencv/opencv-4.8.0_build_vs2019_x64/install/include/opencv2/core/traits.hpp
  -- Up-to-date: E:/voy/102/third/opencv/opencv-4.8.0_build_vs2019_x64/install/include/opencv2/core/types.hpp
  -- Up-to-date: E:/voy/102/third/opencv/opencv-4.8.0_build_vs2019_x64/install/include/opencv2/core/types_c.h
  -- Up-to-date: E:/voy/102/third/opencv/opencv-4.8.0_build_vs2019_x64/install/include/opencv2/core/utility.hpp
  -- Up-to-date: E:/voy/102/third/opencv/opencv-4.8.0_build_vs2019_x64/install/include/opencv2/core/utils/allocator_stats.hpp
  -- Up-to-date: E:/voy/102/third/opencv/opencv-4.8.0_build_vs2019_x64/install/include/opencv2/core/utils/allocator_stats.impl.hpp
  -- Up-to-date: E:/voy/102/third/opencv/opencv-4.8.0_build_vs2019_x64/install/include/opencv2/core/utils/filesystem.hpp
  -- Up-to-date: E:/voy/102/third/opencv/opencv-4.8.0_build_vs2019_x64/install/include/opencv2/core/utils/fp_control_utils.hpp
  -- Up-to-date: E:/voy/102/third/opencv/opencv-4.8.0_build_vs2019_x64/install/include/opencv2/core/utils/instrumentation.hpp
  -- Up-to-date: E:/voy/102/third/opencv/opencv-4.8.0_build_vs2019_x64/install/include/opencv2/core/utils/logger.defines.hpp
  -- Up-to-date: E:/voy/102/third/opencv/opencv-4.8.0_build_vs2019_x64/install/include/opencv2/core/utils/logger.hpp
  -- Up-to-date: E:/voy/102/third/opencv/opencv-4.8.0_build_vs2019_x64/install/include/opencv2/core/utils/logtag.hpp
  -- Up-to-date: E:/voy/102/third/opencv/opencv-4.8.0_build_vs2019_x64/install/include/opencv2/core/utils/tls.hpp
  -- Up-to-date: E:/voy/102/third/opencv/opencv-4.8.0_build_vs2019_x64/install/include/opencv2/core/utils/trace.hpp
  -- Up-to-date: E:/voy/102/third/opencv/opencv-4.8.0_build_vs2019_x64/install/include/opencv2/core/va_intel.hpp
  -- Up-to-date: E:/voy/102/third/opencv/opencv-4.8.0_build_vs2019_x64/install/include/opencv2/core/version.hpp
  -- Up-to-date: E:/voy/102/third/opencv/opencv-4.8.0_build_vs2019_x64/install/include/opencv2/core/vsx_utils.hpp
  -- Up-to-date: E:/voy/102/third/opencv/opencv-4.8.0_build_vs2019_x64/install/etc/licenses/SoftFloat-COPYING.txt
  -- Installing: E:/voy/102/third/opencv/opencv-4.8.0_build_vs2019_x64/install/x64/vc16/staticlib/opencv_flann480.lib
  -- Up-to-date: E:/voy/102/third/opencv/opencv-4.8.0_build_vs2019_x64/install/include/opencv2/flann.hpp
  -- Up-to-date: E:/voy/102/third/opencv/opencv-4.8.0_build_vs2019_x64/install/include/opencv2/flann/all_indices.h
  -- Up-to-date: E:/voy/102/third/opencv/opencv-4.8.0_build_vs2019_x64/install/include/opencv2/flann/allocator.h
  -- Up-to-date: E:/voy/102/third/opencv/opencv-4.8.0_build_vs2019_x64/install/include/opencv2/flann/any.h
  -- Up-to-date: E:/voy/102/third/opencv/opencv-4.8.0_build_vs2019_x64/install/include/opencv2/flann/autotuned_index.h
  -- Up-to-date: E:/voy/102/third/opencv/opencv-4.8.0_build_vs2019_x64/install/include/opencv2/flann/composite_index.h
  -- Up-to-date: E:/voy/102/third/opencv/opencv-4.8.0_build_vs2019_x64/install/include/opencv2/flann/config.h
  -- Up-to-date: E:/voy/102/third/opencv/opencv-4.8.0_build_vs2019_x64/install/include/opencv2/flann/defines.h
  -- Up-to-date: E:/voy/102/third/opencv/opencv-4.8.0_build_vs2019_x64/install/include/opencv2/flann/dist.h
  -- Up-to-date: E:/voy/102/third/opencv/opencv-4.8.0_build_vs2019_x64/install/include/opencv2/flann/dummy.h
  -- Up-to-date: E:/voy/102/third/opencv/opencv-4.8.0_build_vs2019_x64/install/include/opencv2/flann/dynamic_bitset.h
  -- Up-to-date: E:/voy/102/third/opencv/opencv-4.8.0_build_vs2019_x64/install/include/opencv2/flann/flann.hpp
  -- Up-to-date: E:/voy/102/third/opencv/opencv-4.8.0_build_vs2019_x64/install/include/opencv2/flann/flann_base.hpp
  -- Up-to-date: E:/voy/102/third/opencv/opencv-4.8.0_build_vs2019_x64/install/include/opencv2/flann/general.h
  -- Up-to-date: E:/voy/102/third/opencv/opencv-4.8.0_build_vs2019_x64/install/include/opencv2/flann/ground_truth.h
  -- Up-to-date: E:/voy/102/third/opencv/opencv-4.8.0_build_vs2019_x64/install/include/opencv2/flann/hdf5.h
  -- Up-to-date: E:/voy/102/third/opencv/opencv-4.8.0_build_vs2019_x64/install/include/opencv2/flann/heap.h
  -- Up-to-date: E:/voy/102/third/opencv/opencv-4.8.0_build_vs2019_x64/install/include/opencv2/flann/hierarchical_clustering_index.h
  -- Up-to-date: E:/voy/102/third/opencv/opencv-4.8.0_build_vs2019_x64/install/include/opencv2/flann/index_testing.h
  -- Up-to-date: E:/voy/102/third/opencv/opencv-4.8.0_build_vs2019_x64/install/include/opencv2/flann/kdtree_index.h
  -- Up-to-date: E:/voy/102/third/opencv/opencv-4.8.0_build_vs2019_x64/install/include/opencv2/flann/kdtree_single_index.h
  -- Up-to-date: E:/voy/102/third/opencv/opencv-4.8.0_build_vs2019_x64/install/include/opencv2/flann/kmeans_index.h
  -- Up-to-date: E:/voy/102/third/opencv/opencv-4.8.0_build_vs2019_x64/install/include/opencv2/flann/linear_index.h
  -- Up-to-date: E:/voy/102/third/opencv/opencv-4.8.0_build_vs2019_x64/install/include/opencv2/flann/logger.h
  -- Up-to-date: E:/voy/102/third/opencv/opencv-4.8.0_build_vs2019_x64/install/include/opencv2/flann/lsh_index.h
  -- Up-to-date: E:/voy/102/third/opencv/opencv-4.8.0_build_vs2019_x64/install/include/opencv2/flann/lsh_table.h
  -- Up-to-date: E:/voy/102/third/opencv/opencv-4.8.0_build_vs2019_x64/install/include/opencv2/flann/matrix.h
  -- Up-to-date: E:/voy/102/third/opencv/opencv-4.8.0_build_vs2019_x64/install/include/opencv2/flann/miniflann.hpp
  -- Up-to-date: E:/voy/102/third/opencv/opencv-4.8.0_build_vs2019_x64/install/include/opencv2/flann/nn_index.h
  -- Up-to-date: E:/voy/102/third/opencv/opencv-4.8.0_build_vs2019_x64/install/include/opencv2/flann/object_factory.h
  -- Up-to-date: E:/voy/102/third/opencv/opencv-4.8.0_build_vs2019_x64/install/include/opencv2/flann/params.h
  -- Up-to-date: E:/voy/102/third/opencv/opencv-4.8.0_build_vs2019_x64/install/include/opencv2/flann/random.h
  -- Up-to-date: E:/voy/102/third/opencv/opencv-4.8.0_build_vs2019_x64/install/include/opencv2/flann/result_set.h
  -- Up-to-date: E:/voy/102/third/opencv/opencv-4.8.0_build_vs2019_x64/install/include/opencv2/flann/sampling.h
  -- Up-to-date: E:/voy/102/third/opencv/opencv-4.8.0_build_vs2019_x64/install/include/opencv2/flann/saving.h
  -- Up-to-date: E:/voy/102/third/opencv/opencv-4.8.0_build_vs2019_x64/install/include/opencv2/flann/simplex_downhill.h
  -- Up-to-date: E:/voy/102/third/opencv/opencv-4.8.0_build_vs2019_x64/install/include/opencv2/flann/timer.h
  -- Installing: E:/voy/102/third/opencv/opencv-4.8.0_build_vs2019_x64/install/x64/vc16/staticlib/opencv_imgproc480.lib
  -- Up-to-date: E:/voy/102/third/opencv/opencv-4.8.0_build_vs2019_x64/install/include/opencv2/imgproc.hpp
  -- Up-to-date: E:/voy/102/third/opencv/opencv-4.8.0_build_vs2019_x64/install/include/opencv2/imgproc/bindings.hpp
  -- Up-to-date: E:/voy/102/third/opencv/opencv-4.8.0_build_vs2019_x64/install/include/opencv2/imgproc/detail/gcgraph.hpp
  -- Up-to-date: E:/voy/102/third/opencv/opencv-4.8.0_build_vs2019_x64/install/include/opencv2/imgproc/hal/hal.hpp
  -- Up-to-date: E:/voy/102/third/opencv/opencv-4.8.0_build_vs2019_x64/install/include/opencv2/imgproc/hal/interface.h
  -- Up-to-date: E:/voy/102/third/opencv/opencv-4.8.0_build_vs2019_x64/install/include/opencv2/imgproc/imgproc.hpp
  -- Up-to-date: E:/voy/102/third/opencv/opencv-4.8.0_build_vs2019_x64/install/include/opencv2/imgproc/imgproc_c.h
  -- Up-to-date: E:/voy/102/third/opencv/opencv-4.8.0_build_vs2019_x64/install/include/opencv2/imgproc/segmentation.hpp
  -- Up-to-date: E:/voy/102/third/opencv/opencv-4.8.0_build_vs2019_x64/install/include/opencv2/imgproc/types_c.h
  -- Installing: E:/voy/102/third/opencv/opencv-4.8.0_build_vs2019_x64/install/x64/vc16/staticlib/opencv_intensity_transform480.lib
  -- Up-to-date: E:/voy/102/third/opencv/opencv-4.8.0_build_vs2019_x64/install/include/opencv2/intensity_transform.hpp
  -- Installing: E:/voy/102/third/opencv/opencv-4.8.0_build_vs2019_x64/install/x64/vc16/staticlib/opencv_ml480.lib
  -- Up-to-date: E:/voy/102/third/opencv/opencv-4.8.0_build_vs2019_x64/install/include/opencv2/ml.hpp
  -- Up-to-date: E:/voy/102/third/opencv/opencv-4.8.0_build_vs2019_x64/install/include/opencv2/ml/ml.hpp
  -- Up-to-date: E:/voy/102/third/opencv/opencv-4.8.0_build_vs2019_x64/install/include/opencv2/ml/ml.inl.hpp
  -- Installing: E:/voy/102/third/opencv/opencv-4.8.0_build_vs2019_x64/install/x64/vc16/staticlib/opencv_phase_unwrapping480.lib
  -- Up-to-date: E:/voy/102/third/opencv/opencv-4.8.0_build_vs2019_x64/install/include/opencv2/phase_unwrapping.hpp
  -- Up-to-date: E:/voy/102/third/opencv/opencv-4.8.0_build_vs2019_x64/install/include/opencv2/phase_unwrapping/histogramphaseunwrapping.hpp
  -- Up-to-date: E:/voy/102/third/opencv/opencv-4.8.0_build_vs2019_x64/install/include/opencv2/phase_unwrapping/phase_unwrapping.hpp
  -- Installing: E:/voy/102/third/opencv/opencv-4.8.0_build_vs2019_x64/install/x64/vc16/staticlib/opencv_photo480.lib
  -- Up-to-date: E:/voy/102/third/opencv/opencv-4.8.0_build_vs2019_x64/install/include/opencv2/photo.hpp
  -- Up-to-date: E:/voy/102/third/opencv/opencv-4.8.0_build_vs2019_x64/install/include/opencv2/photo/cuda.hpp
  -- Up-to-date: E:/voy/102/third/opencv/opencv-4.8.0_build_vs2019_x64/install/include/opencv2/photo/legacy/constants_c.h
  -- Up-to-date: E:/voy/102/third/opencv/opencv-4.8.0_build_vs2019_x64/install/include/opencv2/photo/photo.hpp
  -- Installing: E:/voy/102/third/opencv/opencv-4.8.0_build_vs2019_x64/install/x64/vc16/staticlib/opencv_plot480.lib
  -- Up-to-date: E:/voy/102/third/opencv/opencv-4.8.0_build_vs2019_x64/install/include/opencv2/plot.hpp
  -- Installing: E:/voy/102/third/opencv/opencv-4.8.0_build_vs2019_x64/install/x64/vc16/staticlib/opencv_quality480.lib
  -- Up-to-date: E:/voy/102/third/opencv/opencv-4.8.0_build_vs2019_x64/install/include/opencv2/quality.hpp
  -- Up-to-date: E:/voy/102/third/opencv/opencv-4.8.0_build_vs2019_x64/install/include/opencv2/quality/quality_utils.hpp
  -- Up-to-date: E:/voy/102/third/opencv/opencv-4.8.0_build_vs2019_x64/install/include/opencv2/quality/qualitybase.hpp
  -- Up-to-date: E:/voy/102/third/opencv/opencv-4.8.0_build_vs2019_x64/install/include/opencv2/quality/qualitybrisque.hpp
  -- Up-to-date: E:/voy/102/third/opencv/opencv-4.8.0_build_vs2019_x64/install/include/opencv2/quality/qualitygmsd.hpp
  -- Up-to-date: E:/voy/102/third/opencv/opencv-4.8.0_build_vs2019_x64/install/include/opencv2/quality/qualitymse.hpp
  -- Up-to-date: E:/voy/102/third/opencv/opencv-4.8.0_build_vs2019_x64/install/include/opencv2/quality/qualitypsnr.hpp
  -- Up-to-date: E:/voy/102/third/opencv/opencv-4.8.0_build_vs2019_x64/install/include/opencv2/quality/qualityssim.hpp
  -- Up-to-date: E:/voy/102/third/opencv/opencv-4.8.0_build_vs2019_x64/install/etc/quality/brisque_model_live.yml
  -- Up-to-date: E:/voy/102/third/opencv/opencv-4.8.0_build_vs2019_x64/install/etc/quality/brisque_range_live.yml
  -- Installing: E:/voy/102/third/opencv/opencv-4.8.0_build_vs2019_x64/install/x64/vc16/staticlib/opencv_reg480.lib
  -- Up-to-date: E:/voy/102/third/opencv/opencv-4.8.0_build_vs2019_x64/install/include/opencv2/reg/map.hpp
  -- Up-to-date: E:/voy/102/third/opencv/opencv-4.8.0_build_vs2019_x64/install/include/opencv2/reg/mapaffine.hpp
  -- Up-to-date: E:/voy/102/third/opencv/opencv-4.8.0_build_vs2019_x64/install/include/opencv2/reg/mapper.hpp
  -- Up-to-date: E:/voy/102/third/opencv/opencv-4.8.0_build_vs2019_x64/install/include/opencv2/reg/mappergradaffine.hpp
  -- Up-to-date: E:/voy/102/third/opencv/opencv-4.8.0_build_vs2019_x64/install/include/opencv2/reg/mappergradeuclid.hpp
  -- Up-to-date: E:/voy/102/third/opencv/opencv-4.8.0_build_vs2019_x64/install/include/opencv2/reg/mappergradproj.hpp
  -- Up-to-date: E:/voy/102/third/opencv/opencv-4.8.0_build_vs2019_x64/install/include/opencv2/reg/mappergradshift.hpp
  -- Up-to-date: E:/voy/102/third/opencv/opencv-4.8.0_build_vs2019_x64/install/include/opencv2/reg/mappergradsimilar.hpp
  -- Up-to-date: E:/voy/102/third/opencv/opencv-4.8.0_build_vs2019_x64/install/include/opencv2/reg/mapperpyramid.hpp
  -- Up-to-date: E:/voy/102/third/opencv/opencv-4.8.0_build_vs2019_x64/install/include/opencv2/reg/mapprojec.hpp
  -- Up-to-date: E:/voy/102/third/opencv/opencv-4.8.0_build_vs2019_x64/install/include/opencv2/reg/mapshift.hpp
  -- Installing: E:/voy/102/third/opencv/opencv-4.8.0_build_vs2019_x64/install/x64/vc16/staticlib/opencv_surface_matching480.lib
  -- Up-to-date: E:/voy/102/third/opencv/opencv-4.8.0_build_vs2019_x64/install/include/opencv2/surface_matching.hpp
  -- Up-to-date: E:/voy/102/third/opencv/opencv-4.8.0_build_vs2019_x64/install/include/opencv2/surface_matching/icp.hpp
  -- Up-to-date: E:/voy/102/third/opencv/opencv-4.8.0_build_vs2019_x64/install/include/opencv2/surface_matching/pose_3d.hpp
  -- Up-to-date: E:/voy/102/third/opencv/opencv-4.8.0_build_vs2019_x64/install/include/opencv2/surface_matching/ppf_helpers.hpp
  -- Up-to-date: E:/voy/102/third/opencv/opencv-4.8.0_build_vs2019_x64/install/include/opencv2/surface_matching/ppf_match_3d.hpp
  -- Up-to-date: E:/voy/102/third/opencv/opencv-4.8.0_build_vs2019_x64/install/include/opencv2/surface_matching/t_hash_int.hpp
  -- Installing: E:/voy/102/third/opencv/opencv-4.8.0_build_vs2019_x64/install/x64/vc16/staticlib/opencv_xphoto480.lib
  -- Up-to-date: E:/voy/102/third/opencv/opencv-4.8.0_build_vs2019_x64/install/include/opencv2/xphoto.hpp
  -- Up-to-date: E:/voy/102/third/opencv/opencv-4.8.0_build_vs2019_x64/install/include/opencv2/xphoto/bm3d_image_denoising.hpp
  -- Up-to-date: E:/voy/102/third/opencv/opencv-4.8.0_build_vs2019_x64/install/include/opencv2/xphoto/dct_image_denoising.hpp
  -- Up-to-date: E:/voy/102/third/opencv/opencv-4.8.0_build_vs2019_x64/install/include/opencv2/xphoto/inpainting.hpp
  -- Up-to-date: E:/voy/102/third/opencv/opencv-4.8.0_build_vs2019_x64/install/include/opencv2/xphoto/oilpainting.hpp
  -- Up-to-date: E:/voy/102/third/opencv/opencv-4.8.0_build_vs2019_x64/install/include/opencv2/xphoto/tonemap.hpp
  -- Up-to-date: E:/voy/102/third/opencv/opencv-4.8.0_build_vs2019_x64/install/include/opencv2/xphoto/white_balance.hpp
  -- Installing: E:/voy/102/third/opencv/opencv-4.8.0_build_vs2019_x64/install/x64/vc16/staticlib/opencv_features2d480.lib
  -- Up-to-date: E:/voy/102/third/opencv/opencv-4.8.0_build_vs2019_x64/install/include/opencv2/features2d.hpp
  -- Up-to-date: E:/voy/102/third/opencv/opencv-4.8.0_build_vs2019_x64/install/include/opencv2/features2d/features2d.hpp
  -- Up-to-date: E:/voy/102/third/opencv/opencv-4.8.0_build_vs2019_x64/install/include/opencv2/features2d/hal/interface.h
  -- Installing: E:/voy/102/third/opencv/opencv-4.8.0_build_vs2019_x64/install/x64/vc16/staticlib/opencv_fuzzy480.lib
  -- Up-to-date: E:/voy/102/third/opencv/opencv-4.8.0_build_vs2019_x64/install/include/opencv2/fuzzy.hpp
  -- Up-to-date: E:/voy/102/third/opencv/opencv-4.8.0_build_vs2019_x64/install/include/opencv2/fuzzy/fuzzy_F0_math.hpp
  -- Up-to-date: E:/voy/102/third/opencv/opencv-4.8.0_build_vs2019_x64/install/include/opencv2/fuzzy/fuzzy_F1_math.hpp
  -- Up-to-date: E:/voy/102/third/opencv/opencv-4.8.0_build_vs2019_x64/install/include/opencv2/fuzzy/fuzzy_image.hpp
  -- Up-to-date: E:/voy/102/third/opencv/opencv-4.8.0_build_vs2019_x64/install/include/opencv2/fuzzy/types.hpp
  -- Installing: E:/voy/102/third/opencv/opencv-4.8.0_build_vs2019_x64/install/x64/vc16/staticlib/opencv_hfs480.lib
  -- Up-to-date: E:/voy/102/third/opencv/opencv-4.8.0_build_vs2019_x64/install/include/opencv2/hfs.hpp
  -- Installing: E:/voy/102/third/opencv/opencv-4.8.0_build_vs2019_x64/install/x64/vc16/staticlib/opencv_img_hash480.lib
  -- Up-to-date: E:/voy/102/third/opencv/opencv-4.8.0_build_vs2019_x64/install/include/opencv2/img_hash.hpp
  -- Up-to-date: E:/voy/102/third/opencv/opencv-4.8.0_build_vs2019_x64/install/include/opencv2/img_hash/average_hash.hpp
  -- Up-to-date: E:/voy/102/third/opencv/opencv-4.8.0_build_vs2019_x64/install/include/opencv2/img_hash/block_mean_hash.hpp
  -- Up-to-date: E:/voy/102/third/opencv/opencv-4.8.0_build_vs2019_x64/install/include/opencv2/img_hash/color_moment_hash.hpp
  -- Up-to-date: E:/voy/102/third/opencv/opencv-4.8.0_build_vs2019_x64/install/include/opencv2/img_hash/img_hash_base.hpp
  -- Up-to-date: E:/voy/102/third/opencv/opencv-4.8.0_build_vs2019_x64/install/include/opencv2/img_hash/marr_hildreth_hash.hpp
  -- Up-to-date: E:/voy/102/third/opencv/opencv-4.8.0_build_vs2019_x64/install/include/opencv2/img_hash/phash.hpp
  -- Up-to-date: E:/voy/102/third/opencv/opencv-4.8.0_build_vs2019_x64/install/include/opencv2/img_hash/radial_variance_hash.hpp
  -- Installing: E:/voy/102/third/opencv/opencv-4.8.0_build_vs2019_x64/install/x64/vc16/staticlib/opencv_imgcodecs480.lib
  -- Up-to-date: E:/voy/102/third/opencv/opencv-4.8.0_build_vs2019_x64/install/include/opencv2/imgcodecs.hpp
  -- Up-to-date: E:/voy/102/third/opencv/opencv-4.8.0_build_vs2019_x64/install/include/opencv2/imgcodecs/imgcodecs.hpp
  -- Up-to-date: E:/voy/102/third/opencv/opencv-4.8.0_build_vs2019_x64/install/include/opencv2/imgcodecs/imgcodecs_c.h
  -- Up-to-date: E:/voy/102/third/opencv/opencv-4.8.0_build_vs2019_x64/install/include/opencv2/imgcodecs/ios.h
  -- Up-to-date: E:/voy/102/third/opencv/opencv-4.8.0_build_vs2019_x64/install/include/opencv2/imgcodecs/legacy/constants_c.h
  -- Up-to-date: E:/voy/102/third/opencv/opencv-4.8.0_build_vs2019_x64/install/include/opencv2/imgcodecs/macosx.h
  -- Installing: E:/voy/102/third/opencv/opencv-4.8.0_build_vs2019_x64/install/x64/vc16/staticlib/opencv_line_descriptor480.lib
  -- Up-to-date: E:/voy/102/third/opencv/opencv-4.8.0_build_vs2019_x64/install/include/opencv2/line_descriptor.hpp
  -- Up-to-date: E:/voy/102/third/opencv/opencv-4.8.0_build_vs2019_x64/install/include/opencv2/line_descriptor/descriptor.hpp
  -- Installing: E:/voy/102/third/opencv/opencv-4.8.0_build_vs2019_x64/install/x64/vc16/staticlib/opencv_saliency480.lib
  -- Up-to-date: E:/voy/102/third/opencv/opencv-4.8.0_build_vs2019_x64/install/include/opencv2/saliency.hpp
  -- Up-to-date: E:/voy/102/third/opencv/opencv-4.8.0_build_vs2019_x64/install/include/opencv2/saliency/saliencyBaseClasses.hpp
  -- Up-to-date: E:/voy/102/third/opencv/opencv-4.8.0_build_vs2019_x64/install/include/opencv2/saliency/saliencySpecializedClasses.hpp
  -- Installing: E:/voy/102/third/opencv/opencv-4.8.0_build_vs2019_x64/install/x64/vc16/staticlib/opencv_calib3d480.lib
  -- Up-to-date: E:/voy/102/third/opencv/opencv-4.8.0_build_vs2019_x64/install/include/opencv2/calib3d.hpp
  -- Up-to-date: E:/voy/102/third/opencv/opencv-4.8.0_build_vs2019_x64/install/include/opencv2/calib3d/calib3d.hpp
  -- Up-to-date: E:/voy/102/third/opencv/opencv-4.8.0_build_vs2019_x64/install/include/opencv2/calib3d/calib3d_c.h
  -- Installing: E:/voy/102/third/opencv/opencv-4.8.0_build_vs2019_x64/install/x64/vc16/staticlib/opencv_datasets480.lib
  -- Up-to-date: E:/voy/102/third/opencv/opencv-4.8.0_build_vs2019_x64/install/include/opencv2/datasets/ar_hmdb.hpp
  -- Up-to-date: E:/voy/102/third/opencv/opencv-4.8.0_build_vs2019_x64/install/include/opencv2/datasets/ar_sports.hpp
  -- Up-to-date: E:/voy/102/third/opencv/opencv-4.8.0_build_vs2019_x64/install/include/opencv2/datasets/dataset.hpp
  -- Up-to-date: E:/voy/102/third/opencv/opencv-4.8.0_build_vs2019_x64/install/include/opencv2/datasets/fr_adience.hpp
  -- Up-to-date: E:/voy/102/third/opencv/opencv-4.8.0_build_vs2019_x64/install/include/opencv2/datasets/fr_lfw.hpp
  -- Up-to-date: E:/voy/102/third/opencv/opencv-4.8.0_build_vs2019_x64/install/include/opencv2/datasets/gr_chalearn.hpp
  -- Up-to-date: E:/voy/102/third/opencv/opencv-4.8.0_build_vs2019_x64/install/include/opencv2/datasets/gr_skig.hpp
  -- Up-to-date: E:/voy/102/third/opencv/opencv-4.8.0_build_vs2019_x64/install/include/opencv2/datasets/hpe_humaneva.hpp
  -- Up-to-date: E:/voy/102/third/opencv/opencv-4.8.0_build_vs2019_x64/install/include/opencv2/datasets/hpe_parse.hpp
  -- Up-to-date: E:/voy/102/third/opencv/opencv-4.8.0_build_vs2019_x64/install/include/opencv2/datasets/ir_affine.hpp
  -- Up-to-date: E:/voy/102/third/opencv/opencv-4.8.0_build_vs2019_x64/install/include/opencv2/datasets/ir_robot.hpp
  -- Up-to-date: E:/voy/102/third/opencv/opencv-4.8.0_build_vs2019_x64/install/include/opencv2/datasets/is_bsds.hpp
  -- Up-to-date: E:/voy/102/third/opencv/opencv-4.8.0_build_vs2019_x64/install/include/opencv2/datasets/is_weizmann.hpp
  -- Up-to-date: E:/voy/102/third/opencv/opencv-4.8.0_build_vs2019_x64/install/include/opencv2/datasets/msm_epfl.hpp
  -- Up-to-date: E:/voy/102/third/opencv/opencv-4.8.0_build_vs2019_x64/install/include/opencv2/datasets/msm_middlebury.hpp
  -- Up-to-date: E:/voy/102/third/opencv/opencv-4.8.0_build_vs2019_x64/install/include/opencv2/datasets/or_imagenet.hpp
  -- Up-to-date: E:/voy/102/third/opencv/opencv-4.8.0_build_vs2019_x64/install/include/opencv2/datasets/or_mnist.hpp
  -- Up-to-date: E:/voy/102/third/opencv/opencv-4.8.0_build_vs2019_x64/install/include/opencv2/datasets/or_pascal.hpp
  -- Up-to-date: E:/voy/102/third/opencv/opencv-4.8.0_build_vs2019_x64/install/include/opencv2/datasets/or_sun.hpp
  -- Up-to-date: E:/voy/102/third/opencv/opencv-4.8.0_build_vs2019_x64/install/include/opencv2/datasets/pd_caltech.hpp
  -- Up-to-date: E:/voy/102/third/opencv/opencv-4.8.0_build_vs2019_x64/install/include/opencv2/datasets/pd_inria.hpp
  -- Up-to-date: E:/voy/102/third/opencv/opencv-4.8.0_build_vs2019_x64/install/include/opencv2/datasets/slam_kitti.hpp
  -- Up-to-date: E:/voy/102/third/opencv/opencv-4.8.0_build_vs2019_x64/install/include/opencv2/datasets/slam_tumindoor.hpp
  -- Up-to-date: E:/voy/102/third/opencv/opencv-4.8.0_build_vs2019_x64/install/include/opencv2/datasets/sr_bsds.hpp
  -- Up-to-date: E:/voy/102/third/opencv/opencv-4.8.0_build_vs2019_x64/install/include/opencv2/datasets/sr_div2k.hpp
  -- Up-to-date: E:/voy/102/third/opencv/opencv-4.8.0_build_vs2019_x64/install/include/opencv2/datasets/sr_general100.hpp
  -- Up-to-date: E:/voy/102/third/opencv/opencv-4.8.0_build_vs2019_x64/install/include/opencv2/datasets/tr_chars.hpp
  -- Up-to-date: E:/voy/102/third/opencv/opencv-4.8.0_build_vs2019_x64/install/include/opencv2/datasets/tr_icdar.hpp
  -- Up-to-date: E:/voy/102/third/opencv/opencv-4.8.0_build_vs2019_x64/install/include/opencv2/datasets/tr_svt.hpp
  -- Up-to-date: E:/voy/102/third/opencv/opencv-4.8.0_build_vs2019_x64/install/include/opencv2/datasets/track_alov.hpp
  -- Up-to-date: E:/voy/102/third/opencv/opencv-4.8.0_build_vs2019_x64/install/include/opencv2/datasets/track_vot.hpp
  -- Up-to-date: E:/voy/102/third/opencv/opencv-4.8.0_build_vs2019_x64/install/include/opencv2/datasets/util.hpp
  -- Installing: E:/voy/102/third/opencv/opencv-4.8.0_build_vs2019_x64/install/x64/vc16/staticlib/opencv_highgui480.lib
  -- Up-to-date: E:/voy/102/third/opencv/opencv-4.8.0_build_vs2019_x64/install/include/opencv2/highgui.hpp
  -- Up-to-date: E:/voy/102/third/opencv/opencv-4.8.0_build_vs2019_x64/install/include/opencv2/highgui/highgui.hpp
  -- Up-to-date: E:/voy/102/third/opencv/opencv-4.8.0_build_vs2019_x64/install/include/opencv2/highgui/highgui_c.h
  -- Up-to-date: E:/voy/102/third/opencv/opencv-4.8.0_build_vs2019_x64/install/include/opencv2/highgui/highgui_c_oo.h
  -- Installing: E:/voy/102/third/opencv/opencv-4.8.0_build_vs2019_x64/install/x64/vc16/staticlib/opencv_objdetect480.lib
  -- Up-to-date: E:/voy/102/third/opencv/opencv-4.8.0_build_vs2019_x64/install/include/opencv2/objdetect.hpp
  -- Up-to-date: E:/voy/102/third/opencv/opencv-4.8.0_build_vs2019_x64/install/include/opencv2/objdetect/aruco_board.hpp
  -- Up-to-date: E:/voy/102/third/opencv/opencv-4.8.0_build_vs2019_x64/install/include/opencv2/objdetect/aruco_detector.hpp
  -- Up-to-date: E:/voy/102/third/opencv/opencv-4.8.0_build_vs2019_x64/install/include/opencv2/objdetect/aruco_dictionary.hpp
  -- Up-to-date: E:/voy/102/third/opencv/opencv-4.8.0_build_vs2019_x64/install/include/opencv2/objdetect/barcode.hpp
  -- Up-to-date: E:/voy/102/third/opencv/opencv-4.8.0_build_vs2019_x64/install/include/opencv2/objdetect/charuco_detector.hpp
  -- Up-to-date: E:/voy/102/third/opencv/opencv-4.8.0_build_vs2019_x64/install/include/opencv2/objdetect/detection_based_tracker.hpp
  -- Up-to-date: E:/voy/102/third/opencv/opencv-4.8.0_build_vs2019_x64/install/include/opencv2/objdetect/face.hpp
  -- Up-to-date: E:/voy/102/third/opencv/opencv-4.8.0_build_vs2019_x64/install/include/opencv2/objdetect/graphical_code_detector.hpp
  -- Up-to-date: E:/voy/102/third/opencv/opencv-4.8.0_build_vs2019_x64/install/include/opencv2/objdetect/objdetect.hpp
  -- Installing: E:/voy/102/third/opencv/opencv-4.8.0_build_vs2019_x64/install/x64/vc16/staticlib/opencv_rapid480.lib
  -- Up-to-date: E:/voy/102/third/opencv/opencv-4.8.0_build_vs2019_x64/install/include/opencv2/rapid.hpp
  -- Installing: E:/voy/102/third/opencv/opencv-4.8.0_build_vs2019_x64/install/x64/vc16/staticlib/opencv_rgbd480.lib
  -- Up-to-date: E:/voy/102/third/opencv/opencv-4.8.0_build_vs2019_x64/install/include/opencv2/rgbd.hpp
  -- Up-to-date: E:/voy/102/third/opencv/opencv-4.8.0_build_vs2019_x64/install/include/opencv2/rgbd/colored_kinfu.hpp
  -- Up-to-date: E:/voy/102/third/opencv/opencv-4.8.0_build_vs2019_x64/install/include/opencv2/rgbd/depth.hpp
  -- Up-to-date: E:/voy/102/third/opencv/opencv-4.8.0_build_vs2019_x64/install/include/opencv2/rgbd/detail/pose_graph.hpp
  -- Up-to-date: E:/voy/102/third/opencv/opencv-4.8.0_build_vs2019_x64/install/include/opencv2/rgbd/dynafu.hpp
  -- Up-to-date: E:/voy/102/third/opencv/opencv-4.8.0_build_vs2019_x64/install/include/opencv2/rgbd/intrinsics.hpp
  -- Up-to-date: E:/voy/102/third/opencv/opencv-4.8.0_build_vs2019_x64/install/include/opencv2/rgbd/kinfu.hpp
  -- Up-to-date: E:/voy/102/third/opencv/opencv-4.8.0_build_vs2019_x64/install/include/opencv2/rgbd/large_kinfu.hpp
  -- Up-to-date: E:/voy/102/third/opencv/opencv-4.8.0_build_vs2019_x64/install/include/opencv2/rgbd/linemod.hpp
  -- Up-to-date: E:/voy/102/third/opencv/opencv-4.8.0_build_vs2019_x64/install/include/opencv2/rgbd/volume.hpp
  -- Installing: E:/voy/102/third/opencv/opencv-4.8.0_build_vs2019_x64/install/x64/vc16/staticlib/opencv_shape480.lib
  -- Up-to-date: E:/voy/102/third/opencv/opencv-4.8.0_build_vs2019_x64/install/include/opencv2/shape.hpp
  -- Up-to-date: E:/voy/102/third/opencv/opencv-4.8.0_build_vs2019_x64/install/include/opencv2/shape/emdL1.hpp
  -- Up-to-date: E:/voy/102/third/opencv/opencv-4.8.0_build_vs2019_x64/install/include/opencv2/shape/hist_cost.hpp
  -- Up-to-date: E:/voy/102/third/opencv/opencv-4.8.0_build_vs2019_x64/install/include/opencv2/shape/shape.hpp
  -- Up-to-date: E:/voy/102/third/opencv/opencv-4.8.0_build_vs2019_x64/install/include/opencv2/shape/shape_distance.hpp
  -- Up-to-date: E:/voy/102/third/opencv/opencv-4.8.0_build_vs2019_x64/install/include/opencv2/shape/shape_transformer.hpp
  -- Installing: E:/voy/102/third/opencv/opencv-4.8.0_build_vs2019_x64/install/x64/vc16/staticlib/opencv_stitching480.lib
  -- Up-to-date: E:/voy/102/third/opencv/opencv-4.8.0_build_vs2019_x64/install/include/opencv2/stitching.hpp
  -- Up-to-date: E:/voy/102/third/opencv/opencv-4.8.0_build_vs2019_x64/install/include/opencv2/stitching/detail/autocalib.hpp
  -- Up-to-date: E:/voy/102/third/opencv/opencv-4.8.0_build_vs2019_x64/install/include/opencv2/stitching/detail/blenders.hpp
  -- Up-to-date: E:/voy/102/third/opencv/opencv-4.8.0_build_vs2019_x64/install/include/opencv2/stitching/detail/camera.hpp
  -- Up-to-date: E:/voy/102/third/opencv/opencv-4.8.0_build_vs2019_x64/install/include/opencv2/stitching/detail/exposure_compensate.hpp
  -- Up-to-date: E:/voy/102/third/opencv/opencv-4.8.0_build_vs2019_x64/install/include/opencv2/stitching/detail/matchers.hpp
  -- Up-to-date: E:/voy/102/third/opencv/opencv-4.8.0_build_vs2019_x64/install/include/opencv2/stitching/detail/motion_estimators.hpp
  -- Up-to-date: E:/voy/102/third/opencv/opencv-4.8.0_build_vs2019_x64/install/include/opencv2/stitching/detail/seam_finders.hpp
  -- Up-to-date: E:/voy/102/third/opencv/opencv-4.8.0_build_vs2019_x64/install/include/opencv2/stitching/detail/timelapsers.hpp
  -- Up-to-date: E:/voy/102/third/opencv/opencv-4.8.0_build_vs2019_x64/install/include/opencv2/stitching/detail/util.hpp
  -- Up-to-date: E:/voy/102/third/opencv/opencv-4.8.0_build_vs2019_x64/install/include/opencv2/stitching/detail/util_inl.hpp
  -- Up-to-date: E:/voy/102/third/opencv/opencv-4.8.0_build_vs2019_x64/install/include/opencv2/stitching/detail/warpers.hpp
  -- Up-to-date: E:/voy/102/third/opencv/opencv-4.8.0_build_vs2019_x64/install/include/opencv2/stitching/detail/warpers_inl.hpp
  -- Up-to-date: E:/voy/102/third/opencv/opencv-4.8.0_build_vs2019_x64/install/include/opencv2/stitching/warpers.hpp
  -- Installing: E:/voy/102/third/opencv/opencv-4.8.0_build_vs2019_x64/install/x64/vc16/staticlib/opencv_structured_light480.lib
  -- Up-to-date: E:/voy/102/third/opencv/opencv-4.8.0_build_vs2019_x64/install/include/opencv2/structured_light.hpp
  -- Up-to-date: E:/voy/102/third/opencv/opencv-4.8.0_build_vs2019_x64/install/include/opencv2/structured_light/graycodepattern.hpp
  -- Up-to-date: E:/voy/102/third/opencv/opencv-4.8.0_build_vs2019_x64/install/include/opencv2/structured_light/sinusoidalpattern.hpp
  -- Up-to-date: E:/voy/102/third/opencv/opencv-4.8.0_build_vs2019_x64/install/include/opencv2/structured_light/structured_light.hpp
  -- Installing: E:/voy/102/third/opencv/opencv-4.8.0_build_vs2019_x64/install/x64/vc16/staticlib/opencv_xobjdetect480.lib
  -- Up-to-date: E:/voy/102/third/opencv/opencv-4.8.0_build_vs2019_x64/install/include/opencv2/xobjdetect.hpp
  -- Installing: E:/voy/102/third/opencv/opencv-4.8.0_build_vs2019_x64/install/x64/vc16/staticlib/opencv_aruco480.lib
  -- Up-to-date: E:/voy/102/third/opencv/opencv-4.8.0_build_vs2019_x64/install/include/opencv2/aruco.hpp
  -- Up-to-date: E:/voy/102/third/opencv/opencv-4.8.0_build_vs2019_x64/install/include/opencv2/aruco/aruco_calib.hpp
  -- Up-to-date: E:/voy/102/third/opencv/opencv-4.8.0_build_vs2019_x64/install/include/opencv2/aruco/charuco.hpp
  -- Installing: E:/voy/102/third/opencv/opencv-4.8.0_build_vs2019_x64/install/x64/vc16/staticlib/opencv_bioinspired480.lib
  -- Up-to-date: E:/voy/102/third/opencv/opencv-4.8.0_build_vs2019_x64/install/include/opencv2/bioinspired.hpp
  -- Up-to-date: E:/voy/102/third/opencv/opencv-4.8.0_build_vs2019_x64/install/include/opencv2/bioinspired/bioinspired.hpp
  -- Up-to-date: E:/voy/102/third/opencv/opencv-4.8.0_build_vs2019_x64/install/include/opencv2/bioinspired/retina.hpp
  -- Up-to-date: E:/voy/102/third/opencv/opencv-4.8.0_build_vs2019_x64/install/include/opencv2/bioinspired/retinafasttonemapping.hpp
  -- Up-to-date: E:/voy/102/third/opencv/opencv-4.8.0_build_vs2019_x64/install/include/opencv2/bioinspired/transientareassegmentationmodule.hpp
  -- Installing: E:/voy/102/third/opencv/opencv-4.8.0_build_vs2019_x64/install/x64/vc16/staticlib/opencv_ccalib480.lib
  -- Up-to-date: E:/voy/102/third/opencv/opencv-4.8.0_build_vs2019_x64/install/include/opencv2/ccalib.hpp
  -- Up-to-date: E:/voy/102/third/opencv/opencv-4.8.0_build_vs2019_x64/install/include/opencv2/ccalib/multicalib.hpp
  -- Up-to-date: E:/voy/102/third/opencv/opencv-4.8.0_build_vs2019_x64/install/include/opencv2/ccalib/omnidir.hpp
  -- Up-to-date: E:/voy/102/third/opencv/opencv-4.8.0_build_vs2019_x64/install/include/opencv2/ccalib/randpattern.hpp
  -- Installing: E:/voy/102/third/opencv/opencv-4.8.0_build_vs2019_x64/install/x64/vc16/staticlib/opencv_dpm480.lib
  -- Up-to-date: E:/voy/102/third/opencv/opencv-4.8.0_build_vs2019_x64/install/include/opencv2/dpm.hpp
  -- Installing: E:/voy/102/third/opencv/opencv-4.8.0_build_vs2019_x64/install/x64/vc16/staticlib/opencv_face480.lib
  -- Up-to-date: E:/voy/102/third/opencv/opencv-4.8.0_build_vs2019_x64/install/include/opencv2/face.hpp
  -- Up-to-date: E:/voy/102/third/opencv/opencv-4.8.0_build_vs2019_x64/install/include/opencv2/face/bif.hpp
  -- Up-to-date: E:/voy/102/third/opencv/opencv-4.8.0_build_vs2019_x64/install/include/opencv2/face/face_alignment.hpp
  -- Up-to-date: E:/voy/102/third/opencv/opencv-4.8.0_build_vs2019_x64/install/include/opencv2/face/facemark.hpp
  -- Up-to-date: E:/voy/102/third/opencv/opencv-4.8.0_build_vs2019_x64/install/include/opencv2/face/facemarkAAM.hpp
  -- Up-to-date: E:/voy/102/third/opencv/opencv-4.8.0_build_vs2019_x64/install/include/opencv2/face/facemarkLBF.hpp
  -- Up-to-date: E:/voy/102/third/opencv/opencv-4.8.0_build_vs2019_x64/install/include/opencv2/face/facemark_train.hpp
  -- Up-to-date: E:/voy/102/third/opencv/opencv-4.8.0_build_vs2019_x64/install/include/opencv2/face/facerec.hpp
  -- Up-to-date: E:/voy/102/third/opencv/opencv-4.8.0_build_vs2019_x64/install/include/opencv2/face/mace.hpp
  -- Up-to-date: E:/voy/102/third/opencv/opencv-4.8.0_build_vs2019_x64/install/include/opencv2/face/predict_collector.hpp
  -- Up-to-date: E:/voy/102/third/opencv/opencv-4.8.0_build_vs2019_x64/install/etc/haarcascades/haarcascade_eye.xml
  -- Up-to-date: E:/voy/102/third/opencv/opencv-4.8.0_build_vs2019_x64/install/etc/haarcascades/haarcascade_eye_tree_eyeglasses.xml
  -- Up-to-date: E:/voy/102/third/opencv/opencv-4.8.0_build_vs2019_x64/install/etc/haarcascades/haarcascade_frontalcatface.xml
  -- Up-to-date: E:/voy/102/third/opencv/opencv-4.8.0_build_vs2019_x64/install/etc/haarcascades/haarcascade_frontalcatface_extended.xml
  -- Up-to-date: E:/voy/102/third/opencv/opencv-4.8.0_build_vs2019_x64/install/etc/haarcascades/haarcascade_frontalface_alt.xml
  -- Up-to-date: E:/voy/102/third/opencv/opencv-4.8.0_build_vs2019_x64/install/etc/haarcascades/haarcascade_frontalface_alt2.xml
  -- Up-to-date: E:/voy/102/third/opencv/opencv-4.8.0_build_vs2019_x64/install/etc/haarcascades/haarcascade_frontalface_alt_tree.xml
  -- Up-to-date: E:/voy/102/third/opencv/opencv-4.8.0_build_vs2019_x64/install/etc/haarcascades/haarcascade_frontalface_default.xml
  -- Up-to-date: E:/voy/102/third/opencv/opencv-4.8.0_build_vs2019_x64/install/etc/haarcascades/haarcascade_fullbody.xml
  -- Up-to-date: E:/voy/102/third/opencv/opencv-4.8.0_build_vs2019_x64/install/etc/haarcascades/haarcascade_lefteye_2splits.xml
  -- Up-to-date: E:/voy/102/third/opencv/opencv-4.8.0_build_vs2019_x64/install/etc/haarcascades/haarcascade_license_plate_rus_16stages.xml
  -- Up-to-date: E:/voy/102/third/opencv/opencv-4.8.0_build_vs2019_x64/install/etc/haarcascades/haarcascade_lowerbody.xml
  -- Up-to-date: E:/voy/102/third/opencv/opencv-4.8.0_build_vs2019_x64/install/etc/haarcascades/haarcascade_profileface.xml
  -- Up-to-date: E:/voy/102/third/opencv/opencv-4.8.0_build_vs2019_x64/install/etc/haarcascades/haarcascade_righteye_2splits.xml
  -- Up-to-date: E:/voy/102/third/opencv/opencv-4.8.0_build_vs2019_x64/install/etc/haarcascades/haarcascade_russian_plate_number.xml
  -- Up-to-date: E:/voy/102/third/opencv/opencv-4.8.0_build_vs2019_x64/install/etc/haarcascades/haarcascade_smile.xml
  -- Up-to-date: E:/voy/102/third/opencv/opencv-4.8.0_build_vs2019_x64/install/etc/haarcascades/haarcascade_upperbody.xml
  -- Up-to-date: E:/voy/102/third/opencv/opencv-4.8.0_build_vs2019_x64/install/etc/lbpcascades/lbpcascade_frontalcatface.xml
  -- Up-to-date: E:/voy/102/third/opencv/opencv-4.8.0_build_vs2019_x64/install/etc/lbpcascades/lbpcascade_frontalface.xml
  -- Up-to-date: E:/voy/102/third/opencv/opencv-4.8.0_build_vs2019_x64/install/etc/lbpcascades/lbpcascade_frontalface_improved.xml
  -- Up-to-date: E:/voy/102/third/opencv/opencv-4.8.0_build_vs2019_x64/install/etc/lbpcascades/lbpcascade_profileface.xml
  -- Up-to-date: E:/voy/102/third/opencv/opencv-4.8.0_build_vs2019_x64/install/etc/lbpcascades/lbpcascade_silverware.xml
  -- Installing: E:/voy/102/third/opencv/opencv-4.8.0_build_vs2019_x64/install/x64/vc16/bin/opencv_version.exe
  -- Installing: E:/voy/102/third/opencv/opencv-4.8.0_build_vs2019_x64/install/x64/vc16/bin/opencv_version_win32.exe
